exports[`test should render the Complete Description 1`] = `
<div
  className="bzxTKv" />
`;

exports[`test should render the Description 1`] = `
<div
  className="cabTZo" />
`;
